../LCD/Src/LCD.c:62:7:LCD_Delay_us	0	static
../LCD/Src/LCD.c:226:13:LCD_Cmd4bit	24	static
../LCD/Src/LCD.c:212:13:LCD_Cmd	8	static
../LCD/Src/LCD.c:235:13:LCD_CursorSet	16	static
../LCD/Src/LCD.c:219:13:LCD_Data	8	static
../LCD/Src/LCD.c:69:7:LCD_Delay_ms	8	static
../LCD/Src/LCD.c:113:6:LCD_Clear	8	static
../LCD/Src/LCD.c:119:6:LCD_Puts	16	static
../LCD/Src/LCD.c:148:6:LCD_DisplayOn	8	static
../LCD/Src/LCD.c:78:6:LCD_Init	8	static
../LCD/Src/LCD.c:154:6:LCD_DisplayOff	8	static
../LCD/Src/LCD.c:160:6:LCD_BlinkOn	8	static
../LCD/Src/LCD.c:166:6:LCD_BlinkOff	8	static
../LCD/Src/LCD.c:172:6:LCD_CursorOn	8	static
../LCD/Src/LCD.c:178:6:LCD_CursorOff	8	static
../LCD/Src/LCD.c:184:6:LCD_ScrollLeft	8	static
../LCD/Src/LCD.c:189:6:LCD_ScrollRight	8	static
../LCD/Src/LCD.c:194:6:LCD_CreateChar	16	static
../LCD/Src/LCD.c:206:6:LCD_PutCustom	8	static
../LCD/Src/LCD.c:245:6:LCD_Put	8	static
