../IO_Driver/Internet/DHCP/Src/dhcp.c:257:6:default_ip_assign	8	static
../IO_Driver/Internet/DHCP/Src/dhcp.c:265:6:default_ip_update	8	static
../IO_Driver/Internet/DHCP/Src/dhcp.c:275:6:default_ip_conflict	8	static
../IO_Driver/Internet/DHCP/Src/dhcp.c:284:6:reg_dhcp_cbfunc	16	static
../IO_Driver/Internet/DHCP/Src/dhcp.c:295:6:makeDHCPMSG	24	static
../IO_Driver/Internet/DHCP/Src/dhcp.c:526:6:send_DHCP_DECLINE	32	static
../IO_Driver/Internet/DHCP/Src/dhcp.c:586:8:parseDHCPMSG	72	static
../IO_Driver/Internet/DHCP/Src/dhcp.c:840:9:DHCP_stop	8	static
../IO_Driver/Internet/DHCP/Src/dhcp.c:899:8:check_DHCP_leasedIP	24	static
../IO_Driver/Internet/DHCP/Src/dhcp.c:969:6:reset_DHCP_timeout	0	static
../IO_Driver/Internet/DHCP/Src/dhcp.c:934:6:DHCP_init	24	static
../IO_Driver/Internet/DHCP/Src/dhcp.c:976:6:DHCP_time_handler	0	static
../IO_Driver/Internet/DHCP/Src/dhcp.c:981:6:getIPfromDHCP	0	static
../IO_Driver/Internet/DHCP/Src/dhcp.c:989:6:getGWfromDHCP	0	static
../IO_Driver/Internet/DHCP/Src/dhcp.c:997:6:getSNfromDHCP	0	static
../IO_Driver/Internet/DHCP/Src/dhcp.c:1005:6:getDNSfromDHCP	0	static
../IO_Driver/Internet/DHCP/Src/dhcp.c:1013:10:getDHCPLeasetime	0	static
../IO_Driver/Internet/DHCP/Src/dhcp.c:1018:6:NibbleToHex	0	static
../IO_Driver/Internet/DHCP/Src/dhcp.c:354:6:send_DHCP_DISCOVER	56	static
../IO_Driver/Internet/DHCP/Src/dhcp.c:427:6:send_DHCP_REQUEST	56	static
../IO_Driver/Internet/DHCP/Src/dhcp.c:846:9:check_DHCP_timeout	24	static
../IO_Driver/Internet/DHCP/Src/dhcp.c:710:9:DHCP_run	16	static
