../io/io.h:27:21:io_getInput	8	static
../Core/Src/main.c:169:6:Callback_IPAssigned	0	static
../Core/Src/main.c:172:6:Callback_IPConflict	0	static
../Core/Src/main.c:241:12:self_atof	40	static
../Core/Src/main.c:671:13:MX_SPI2_Init	8	static,ignoring_inline_asm
../Core/Src/main.c:1049:13:W5500_init	1056	static
../Core/Src/main.c:1300:20:read_SDCard	8520	static
../Core/Src/main.c:2387:13:app_GotoMainScreen	136	static
../Core/Src/main.c:2264:13:app_HisValue	152	static
../Core/Src/main.c:213:13:float2String	32	static
../Core/Src/main.c:1217:13:write_SDCard	8576	static
../Core/Src/main.c:2155:13:app_GetCalibValue	40	static
../Core/Src/main.c:516:6:SystemClock_Config	104	static,ignoring_inline_asm
../Core/Src/main.c:1097:14:eMBRegHoldingCB	12	static
../Core/Src/main.c:1132:14:eMBRegInputCB	8	static
../Core/Src/main.c:1153:14:eMBRegCoilsCB	24	static
../Core/Src/main.c:1190:14:eMBRegDiscreteCB	0	static
../Core/Src/main.c:1376:6:HAL_TIM_PeriodElapsedCallback	16	static
../Core/Src/main.c:2000:6:app_CalculatorValue	112	static
../Core/Src/main.c:2436:14:meas_checkSensor	16	static
../Core/Src/main.c:2468:14:meas_measurementZ	64	static
../Core/Src/main.c:2538:14:meas_measurementX1Y1	32	static
../Core/Src/main.c:2588:14:meas_measurementX2Y2	40	static
../Core/Src/main.c:1785:13:app_Measurement	104	static
../Core/Src/main.c:301:5:main	568	static,ignoring_inline_asm
../Core/Src/main.c:2649:6:HAL_GPIO_EXTI_Callback	8	static
../Core/Src/main.c:2669:6:HAL_TIM_IC_CaptureCallback	12	static
../Core/Src/main.c:2701:6:Error_Handler	0	static,ignoring_inline_asm
