../Core/Src/stm32f0xx_hal_msp.c:65:6:HAL_MspInit	8	static
../Core/Src/stm32f0xx_hal_msp.c:87:6:HAL_RTC_MspInit	0	static
../Core/Src/stm32f0xx_hal_msp.c:109:6:HAL_RTC_MspDeInit	0	static
../Core/Src/stm32f0xx_hal_msp.c:131:6:HAL_SPI_MspInit	48	static
../Core/Src/stm32f0xx_hal_msp.c:193:6:HAL_SPI_MspDeInit	8	static
../Core/Src/stm32f0xx_hal_msp.c:242:6:HAL_TIM_Base_MspInit	48	static
../Core/Src/stm32f0xx_hal_msp.c:302:6:HAL_TIM_MspPostInit	32	static
../Core/Src/stm32f0xx_hal_msp.c:334:6:HAL_TIM_Base_MspDeInit	8	static
../Core/Src/stm32f0xx_hal_msp.c:391:6:HAL_UART_MspInit	40	static
../Core/Src/stm32f0xx_hal_msp.c:428:6:HAL_UART_MspDeInit	8	static
